Godot Engine v4.6.1.stable.official.14d19694e - https://godotengine.org
D3D12 11_0 - Forward Mobile - Using Device #0: AMD - AMD Radeon R5 430

ERROR: Node not found: "Label" (relative to "/root/Game/Pins/Pino9").
   at: get_node (scene/main/node.cpp:1963)
   GDScript backtrace (most recent call first):
       [0] @implicit_ready (res://scripts/pino.gd:6)
ERROR: Node not found: "Label" (relative to "/root/Game/Pins/Pino10").
   at: get_node (scene/main/node.cpp:1963)
   GDScript backtrace (most recent call first):
       [0] @implicit_ready (res://scripts/pino.gd:6)
ERROR: Node not found: "Label" (relative to "/root/Game/Pins/Pino2").
   at: get_node (scene/main/node.cpp:1963)
   GDScript backtrace (most recent call first):
       [0] @implicit_ready (res://scripts/pino.gd:6)
ERROR: Node not found: "Label" (relative to "/root/Game/Pins/Pino").
   at: get_node (scene/main/node.cpp:1963)
   GDScript backtrace (most recent call first):
       [0] @implicit_ready (res://scripts/pino.gd:6)
ERROR: Node not found: "Label" (relative to "/root/Game/Pins/Pino7").
   at: get_node (scene/main/node.cpp:1963)
   GDScript backtrace (most recent call first):
       [0] @implicit_ready (res://scripts/pino.gd:6)
ERROR: Node not found: "Label" (relative to "/root/Game/Pins/Pino3").
   at: get_node (scene/main/node.cpp:1963)
   GDScript backtrace (most recent call first):
       [0] @implicit_ready (res://scripts/pino.gd:6)
ERROR: Node not found: "Label" (relative to "/root/Game/Pins/Pino4").
   at: get_node (scene/main/node.cpp:1963)
   GDScript backtrace (most recent call first):
       [0] @implicit_ready (res://scripts/pino.gd:6)
ERROR: Node not found: "Label" (relative to "/root/Game/Pins/Pino5").
   at: get_node (scene/main/node.cpp:1963)
   GDScript backtrace (most recent call first):
       [0] @implicit_ready (res://scripts/pino.gd:6)
ERROR: Node not found: "Label" (relative to "/root/Game/Pins/Pino6").
   at: get_node (scene/main/node.cpp:1963)
   GDScript backtrace (most recent call first):
       [0] @implicit_ready (res://scripts/pino.gd:6)
ERROR: Node not found: "Label" (relative to "/root/Game/Pins/Pino8").
   at: get_node (scene/main/node.cpp:1963)
   GDScript backtrace (most recent call first):
       [0] @implicit_ready (res://scripts/pino.gd:6)
